2026-09-23 14:48:06,166 INFO [1/1] -3g5yACwYnA$_$13 extracted
2026-09-23 14:48:06,174 INFO Partial smoke run complete. Run without --limit for the full dataset.
2026-09-23 14:48:51,660 INFO [1/100] -3g5yACwYnA$_$13 cached
2026-09-23 14:48:59,700 INFO [2/100] -3g5yACwYnA$_$3 extracted
2026-09-23 14:49:04,937 INFO [3/100] -3g5yACwYnA$_$2 extracted
2026-09-23 14:49:09,987 INFO [4/100] -3g5yACwYnA$_$9 extracted
2026-09-23 14:49:12,104 INFO [5/100] -3nNcZdcdvU$_$5 extracted
2026-09-23 14:49:14,255 INFO [6/100] -HwX2H8Z4hY$_$2 extracted
2026-09-23 14:49:17,409 INFO [7/100] -HwX2H8Z4hY$_$5 extracted
2026-09-23 14:49:19,217 INFO [8/100] -HwX2H8Z4hY$_$6 extracted
2026-09-23 14:49:22,523 INFO [9/100] -HwX2H8Z4hY$_$9 extracted
2026-09-23 14:49:24,805 INFO [10/100] -NFrJFQijFE$_$1 extracted
2026-09-23 14:49:28,192 INFO [11/100] -NFrJFQijFE$_$2 extracted
2026-09-23 14:49:33,620 INFO [12/100] -THoVjtIkeU$_$12 extracted
2026-09-23 14:49:35,444 INFO [13/100] -THoVjtIkeU$_$2 extracted
2026-09-23 14:49:38,062 INFO [14/100] -THoVjtIkeU$_$6 extracted
2026-09-23 14:49:44,870 INFO [15/100] -UuX1xuaiiE$_$1 extracted
2026-09-23 14:49:47,366 INFO [16/100] -UuX1xuaiiE$_$0 extracted
2026-09-23 14:49:50,017 INFO [17/100] -UuX1xuaiiE$_$3 extracted
2026-09-23 14:49:54,275 INFO [18/100] -UuX1xuaiiE$_$6 extracted
2026-09-23 14:50:00,813 INFO [19/100] -a55Q6RWvTA$_$3 extracted
2026-09-23 14:50:03,452 INFO [20/100] -aNfi7CP8vM$_$7 extracted
2026-09-23 14:50:08,863 INFO [21/100] -aqamKhZ1Ec$_$0 extracted
2026-09-23 14:50:12,689 INFO [22/100] -dxfTGcXJoc$_$1 extracted
2026-09-23 14:50:17,891 INFO [23/100] -dxfTGcXJoc$_$0 extracted
2026-09-23 14:50:22,789 INFO [24/100] -dxfTGcXJoc$_$2 extracted
2026-09-23 14:50:25,956 INFO [25/100] -dxfTGcXJoc$_$6 extracted
2026-09-23 14:50:28,245 INFO [26/100] -egA8-b7-3M$_$26 extracted
2026-09-23 14:50:30,638 INFO [27/100] -egA8-b7-3M$_$17 extracted
2026-09-23 14:50:33,626 INFO [28/100] -egA8-b7-3M$_$18 extracted
2026-09-23 14:50:35,490 INFO [29/100] -egA8-b7-3M$_$16 extracted
2026-09-23 14:50:36,969 INFO [30/100] -egA8-b7-3M$_$13 extracted
2026-09-23 14:50:40,581 INFO [31/100] -egA8-b7-3M$_$1 extracted
2026-09-23 14:50:42,603 INFO [32/100] -egA8-b7-3M$_$6 extracted
2026-09-23 14:50:44,456 INFO [33/100] -egA8-b7-3M$_$9 extracted
2026-09-23 14:50:46,922 INFO [34/100] -egA8-b7-3M$_$20 extracted
2026-09-23 14:50:49,436 INFO [35/100] -iRBcNs9oI8$_$3 extracted
2026-09-23 14:50:51,495 INFO [36/100] -iRBcNs9oI8$_$7 extracted
2026-09-23 14:50:53,030 INFO [37/100] -iRBcNs9oI8$_$6 extracted
2026-09-23 14:50:54,672 INFO [38/100] -iRBcNs9oI8$_$9 extracted
2026-09-23 14:50:58,238 INFO [39/100] -iRBcNs9oI8$_$8 extracted
2026-09-23 14:51:00,863 INFO [40/100] -lzEya4AM_4$_$5 extracted
2026-09-23 14:51:06,080 INFO [41/100] -lzEya4AM_4$_$6 extracted
2026-09-23 14:51:08,055 INFO [42/100] -mJ2ud6oKI8$_$1 extracted
2026-09-23 14:51:10,972 INFO [43/100] -mJ2ud6oKI8$_$2 extracted
2026-09-23 14:51:12,240 INFO [44/100] -mJ2ud6oKI8$_$6 extracted
2026-09-23 14:51:15,717 INFO [45/100] -mJ2ud6oKI8$_$9 extracted
2026-09-23 14:51:18,184 INFO [46/100] -mJ2ud6oKI8$_$8 extracted
2026-09-23 14:51:20,973 INFO [47/100] -mqbVkbCndg$_$0 extracted
2026-09-23 14:51:22,611 INFO [48/100] -t217m2on-s$_$2 extracted
2026-09-23 14:51:27,595 INFO [49/100] -t217m2on-s$_$7 extracted
2026-09-23 14:51:30,898 INFO [50/100] -tANM6ETl_M$_$3 extracted
2026-09-23 14:51:32,687 INFO [51/100] -tPCytz4rww$_$11 extracted
2026-09-23 14:51:34,144 INFO [52/100] -tPCytz4rww$_$10 extracted
2026-09-23 14:51:37,678 INFO [53/100] -tPCytz4rww$_$12 extracted
2026-09-23 14:51:39,915 INFO [54/100] -tPCytz4rww$_$16 extracted
2026-09-23 14:51:42,012 INFO [55/100] -tPCytz4rww$_$18 extracted
2026-09-23 14:51:44,367 INFO [56/100] -vxjVxOeScU$_$4 extracted
2026-09-23 14:51:46,104 INFO [57/100] -wMB_hJL-3o$_$7 extracted
2026-09-23 14:51:50,401 INFO [58/100] -wny0OAz3g8$_$1 extracted
2026-09-23 14:51:52,399 INFO [59/100] -wny0OAz3g8$_$0 extracted
2026-09-23 14:51:56,259 INFO [60/100] -wny0OAz3g8$_$3 extracted
2026-09-23 14:52:00,525 INFO [61/100] -wny0OAz3g8$_$2 extracted
2026-09-23 14:52:04,582 INFO [62/100] -wny0OAz3g8$_$5 extracted
2026-09-23 14:52:09,432 INFO [63/100] -wny0OAz3g8$_$7 extracted
2026-09-23 14:52:13,408 INFO [64/100] -wny0OAz3g8$_$9 extracted
2026-09-23 14:52:15,176 INFO [65/100] -571d8cVauQ$_$0 extracted
2026-09-23 14:52:21,017 INFO [66/100] -571d8cVauQ$_$5 extracted
2026-09-23 14:52:23,329 INFO [67/100] -I_e4mIh0yE$_$1 extracted
2026-09-23 14:52:26,251 INFO [68/100] -I_e4mIh0yE$_$3 extracted
2026-09-23 14:52:28,804 INFO [69/100] -UacrmKiTn4$_$10 extracted
2026-09-23 14:52:30,271 INFO [70/100] -UacrmKiTn4$_$4 extracted
2026-09-23 14:52:33,926 INFO [71/100] -hnBHBN8p5A$_$7 extracted
2026-09-23 14:52:36,941 INFO [72/100] -hnBHBN8p5A$_$6 extracted
2026-09-23 14:52:38,399 INFO [73/100] -qDkUB0GgYY$_$6 extracted
2026-09-23 14:52:40,384 INFO [74/100] -uywlfIYOS8$_$4 extracted
2026-09-23 14:52:44,140 INFO [75/100] -6rXp3zJ3kc$_$8 extracted
2026-09-23 14:52:47,410 INFO [76/100] -9y-fZ3swSY$_$0 extracted
2026-09-23 14:52:49,047 INFO [77/100] -9y-fZ3swSY$_$4 extracted
2026-09-23 14:52:51,651 INFO [78/100] -9y-fZ3swSY$_$8 extracted
2026-09-23 14:53:04,212 INFO [79/100] -AUZQgSxyPQ$_$2 extracted
2026-09-23 14:53:06,796 INFO [80/100] -HeZS2-Prhc$_$2 extracted
2026-09-23 14:53:09,088 INFO [81/100] -MeTTeMJBNc$_$0 extracted
2026-09-23 14:53:10,550 INFO [82/100] -MeTTeMJBNc$_$13 extracted
2026-09-23 14:53:13,425 INFO [83/100] -MeTTeMJBNc$_$7 extracted
2026-09-23 14:53:16,385 INFO [84/100] -RfYyzHpjk4$_$11 extracted
2026-09-23 14:53:19,109 INFO [85/100] -RfYyzHpjk4$_$8 extracted
2026-09-23 14:53:22,047 INFO [86/100] -RfYyzHpjk4$_$2 extracted
2026-09-23 14:53:24,202 INFO [87/100] -UUCSKoHeMA$_$0 extracted
2026-09-23 14:53:25,114 INFO [88/100] -ri04Z7vwnc$_$0 extracted
2026-09-23 14:53:27,623 INFO [89/100] -ri04Z7vwnc$_$2 extracted
2026-09-23 14:53:29,582 INFO [90/100] -ri04Z7vwnc$_$5 extracted
2026-09-23 14:53:32,602 INFO [91/100] -s9qJ7ATP7w$_$1 extracted
2026-09-23 14:53:36,278 INFO [92/100] -s9qJ7ATP7w$_$0 extracted
2026-09-23 14:53:40,742 INFO [93/100] -s9qJ7ATP7w$_$5 extracted
2026-09-23 14:53:43,001 INFO [94/100] -s9qJ7ATP7w$_$4 extracted
2026-09-23 14:53:46,771 INFO [95/100] -s9qJ7ATP7w$_$7 extracted
2026-09-23 14:53:48,304 INFO [96/100] -s9qJ7ATP7w$_$6 extracted
2026-09-23 14:53:50,299 INFO [97/100] -s9qJ7ATP7w$_$8 extracted
2026-09-23 14:54:04,017 INFO [98/100] -yRb-Jum7EQ$_$1 extracted
2026-09-23 14:54:09,876 INFO [99/100] -yRb-Jum7EQ$_$5 extracted
2026-09-23 14:54:14,993 INFO [100/100] -yRb-Jum7EQ$_$6 extracted
2026-09-23 14:54:44,821 INFO All samples extracted and verified: 100
