v3_control epoch=1 Macro_F1=0.4606 Neutral_F1=0.1553 Acc=0.5646 MAE=0.6618 train_loss=1.6252
v3_control epoch=2 Macro_F1=0.6003 Neutral_F1=0.5112 Acc=0.5975 MAE=0.5828 train_loss=1.3339
v3_control epoch=3 Macro_F1=0.5925 Neutral_F1=0.5107 Acc=0.5879 MAE=0.5856 train_loss=1.2319
v3_control epoch=4 Macro_F1=0.6094 Neutral_F1=0.4286 Acc=0.6497 MAE=0.5923 train_loss=1.1610
v3_control epoch=5 Macro_F1=0.6089 Neutral_F1=0.4053 Acc=0.6525 MAE=0.5711 train_loss=1.0906
v3_control epoch=6 Macro_F1=0.6296 Neutral_F1=0.5034 Acc=0.6360 MAE=0.5965 train_loss=1.0081
v3_control epoch=7 Macro_F1=0.6219 Neutral_F1=0.4699 Acc=0.6429 MAE=0.5836 train_loss=0.9386
v3_control epoch=8 Macro_F1=0.6080 Neutral_F1=0.4798 Acc=0.6181 MAE=0.5905 train_loss=0.8553
v3_control epoch=9 Macro_F1=0.6183 Neutral_F1=0.4527 Acc=0.6429 MAE=0.5790 train_loss=0.7896
v3_control epoch=10 Macro_F1=0.6178 Neutral_F1=0.4869 Acc=0.6346 MAE=0.5918 train_loss=0.7221
v3_control epoch=11 Macro_F1=0.6262 Neutral_F1=0.4974 Acc=0.6415 MAE=0.6003 train_loss=0.6683
v3_control epoch=12 Macro_F1=0.6034 Neutral_F1=0.4759 Acc=0.6209 MAE=0.5990 train_loss=0.6101
v3_control epoch=13 Macro_F1=0.6079 Neutral_F1=0.4516 Acc=0.6346 MAE=0.6056 train_loss=0.5779
v3_control epoch=14 Macro_F1=0.6010 Neutral_F1=0.4513 Acc=0.6250 MAE=0.6069 train_loss=0.5489
token_interaction epoch=1 Macro_F1=0.4554 Neutral_F1=0.0976 Acc=0.5728 MAE=0.7229 train_loss=1.6420
token_interaction epoch=2 Macro_F1=0.5714 Neutral_F1=0.5017 Acc=0.5632 MAE=0.5970 train_loss=1.3641
token_interaction epoch=3 Macro_F1=0.6019 Neutral_F1=0.5061 Acc=0.6044 MAE=0.5835 train_loss=1.2432
token_interaction epoch=4 Macro_F1=0.5962 Neutral_F1=0.4024 Acc=0.6305 MAE=0.6063 train_loss=1.1701
token_interaction epoch=5 Macro_F1=0.5838 Neutral_F1=0.3493 Acc=0.6346 MAE=0.6144 train_loss=1.0733
token_interaction epoch=6 Macro_F1=0.6150 Neutral_F1=0.4798 Acc=0.6346 MAE=0.5990 train_loss=0.9584
token_interaction epoch=7 Macro_F1=0.5568 Neutral_F1=0.2976 Acc=0.6140 MAE=0.6721 train_loss=0.8350
token_interaction epoch=8 Macro_F1=0.5854 Neutral_F1=0.3917 Acc=0.6154 MAE=0.6109 train_loss=0.7017
token_interaction epoch=9 Macro_F1=0.6003 Neutral_F1=0.4593 Acc=0.6126 MAE=0.6052 train_loss=0.6221
token_interaction epoch=10 Macro_F1=0.5669 Neutral_F1=0.3605 Acc=0.6030 MAE=0.5971 train_loss=0.5601
token_interaction epoch=11 Macro_F1=0.5647 Neutral_F1=0.3591 Acc=0.6058 MAE=0.6497 train_loss=0.5083
token_interaction epoch=12 Macro_F1=0.5745 Neutral_F1=0.4022 Acc=0.5975 MAE=0.5908 train_loss=0.4681
token_interaction epoch=13 Macro_F1=0.5699 Neutral_F1=0.3859 Acc=0.5934 MAE=0.5921 train_loss=0.4305
token_interaction epoch=14 Macro_F1=0.5631 Neutral_F1=0.3642 Acc=0.5989 MAE=0.6314 train_loss=0.4182
token_interaction_hierarchical epoch=1 Macro_F1=0.4126 Neutral_F1=0.0423 Acc=0.5536 MAE=0.7171 train_loss=1.7089
token_interaction_hierarchical epoch=2 Macro_F1=0.5464 Neutral_F1=0.4800 Acc=0.5357 MAE=0.5985 train_loss=1.3850
token_interaction_hierarchical epoch=3 Macro_F1=0.6156 Neutral_F1=0.4944 Acc=0.6250 MAE=0.5832 train_loss=1.2554
token_interaction_hierarchical epoch=4 Macro_F1=0.6065 Neutral_F1=0.4000 Acc=0.6442 MAE=0.6035 train_loss=1.1718
token_interaction_hierarchical epoch=5 Macro_F1=0.5707 Neutral_F1=0.3139 Acc=0.6305 MAE=0.5949 train_loss=1.0606
token_interaction_hierarchical epoch=6 Macro_F1=0.5838 Neutral_F1=0.3695 Acc=0.6236 MAE=0.6205 train_loss=0.9495
token_interaction_hierarchical epoch=7 Macro_F1=0.5461 Neutral_F1=0.3362 Acc=0.5865 MAE=0.6255 train_loss=0.8404
token_interaction_hierarchical epoch=8 Macro_F1=0.5662 Neutral_F1=0.3958 Acc=0.5907 MAE=0.6362 train_loss=0.7436
token_interaction_hierarchical epoch=9 Macro_F1=0.5986 Neutral_F1=0.4293 Acc=0.6209 MAE=0.6163 train_loss=0.6290
token_interaction_hierarchical epoch=10 Macro_F1=0.5724 Neutral_F1=0.4136 Acc=0.5893 MAE=0.6093 train_loss=0.5884
token_interaction_hierarchical epoch=11 Macro_F1=0.5631 Neutral_F1=0.3761 Acc=0.6030 MAE=0.6310 train_loss=0.5355
token_interaction_light epoch=1 Macro_F1=0.4392 Neutral_F1=0.0882 Acc=0.5563 MAE=0.7243 train_loss=1.6940
token_interaction_light epoch=2 Macro_F1=0.5770 Neutral_F1=0.5069 Acc=0.5687 MAE=0.6029 train_loss=1.4223
token_interaction_light epoch=3 Macro_F1=0.5994 Neutral_F1=0.5031 Acc=0.6030 MAE=0.5869 train_loss=1.2872
token_interaction_light epoch=4 Macro_F1=0.5987 Neutral_F1=0.3939 Acc=0.6360 MAE=0.6034 train_loss=1.2139
token_interaction_light epoch=5 Macro_F1=0.5885 Neutral_F1=0.3618 Acc=0.6374 MAE=0.6322 train_loss=1.1156
token_interaction_light epoch=6 Macro_F1=0.6158 Neutral_F1=0.4926 Acc=0.6387 MAE=0.6002 train_loss=0.9985
token_interaction_light epoch=7 Macro_F1=0.5799 Neutral_F1=0.3564 Acc=0.6264 MAE=0.6482 train_loss=0.8827
token_interaction_light epoch=8 Macro_F1=0.5842 Neutral_F1=0.3797 Acc=0.6223 MAE=0.6377 train_loss=0.7527
token_interaction_light epoch=9 Macro_F1=0.5940 Neutral_F1=0.4584 Acc=0.6071 MAE=0.6296 train_loss=0.6547
token_interaction_light epoch=10 Macro_F1=0.5687 Neutral_F1=0.3598 Acc=0.6071 MAE=0.6221 train_loss=0.5925
token_interaction_light epoch=11 Macro_F1=0.5585 Neutral_F1=0.3312 Acc=0.6044 MAE=0.6783 train_loss=0.5361
token_interaction_light epoch=12 Macro_F1=0.5802 Neutral_F1=0.4162 Acc=0.6030 MAE=0.6142 train_loss=0.5012
token_interaction_light epoch=13 Macro_F1=0.5738 Neutral_F1=0.4116 Acc=0.5934 MAE=0.6084 train_loss=0.4681
token_interaction_light epoch=14 Macro_F1=0.5643 Neutral_F1=0.3775 Acc=0.5920 MAE=0.6365 train_loss=0.4525
v3_control_seed2027 epoch=1 Macro_F1=0.4534 Neutral_F1=0.4818 Acc=0.4753 MAE=0.6493 train_loss=1.6374
v3_control_seed2027 epoch=2 Macro_F1=0.5584 Neutral_F1=0.3083 Acc=0.6223 MAE=0.6218 train_loss=1.3343
v3_control_seed2027 epoch=3 Macro_F1=0.6116 Neutral_F1=0.4718 Acc=0.6277 MAE=0.5667 train_loss=1.2314
v3_control_seed2027 epoch=4 Macro_F1=0.6053 Neutral_F1=0.4615 Acc=0.6250 MAE=0.5588 train_loss=1.1583
v3_control_seed2027 epoch=5 Macro_F1=0.6044 Neutral_F1=0.4438 Acc=0.6264 MAE=0.5650 train_loss=1.1034
v3_control_seed2027 epoch=6 Macro_F1=0.6218 Neutral_F1=0.4843 Acc=0.6332 MAE=0.5785 train_loss=1.0249
v3_control_seed2027 epoch=7 Macro_F1=0.6204 Neutral_F1=0.5023 Acc=0.6277 MAE=0.5734 train_loss=0.9395
v3_control_seed2027 epoch=8 Macro_F1=0.6244 Neutral_F1=0.4897 Acc=0.6401 MAE=0.5826 train_loss=0.8761
v3_control_seed2027 epoch=9 Macro_F1=0.6147 Neutral_F1=0.4518 Acc=0.6456 MAE=0.6084 train_loss=0.8007
v3_control_seed2027 epoch=10 Macro_F1=0.6159 Neutral_F1=0.4706 Acc=0.6332 MAE=0.5955 train_loss=0.7340
v3_control_seed2027 epoch=11 Macro_F1=0.6023 Neutral_F1=0.4254 Acc=0.6360 MAE=0.6040 train_loss=0.6885
v3_control_seed2027 epoch=12 Macro_F1=0.6047 Neutral_F1=0.4553 Acc=0.6305 MAE=0.6068 train_loss=0.6324
v3_control_seed2027 epoch=13 Macro_F1=0.6189 Neutral_F1=0.4756 Acc=0.6415 MAE=0.6081 train_loss=0.5919
v3_control_seed2027 epoch=14 Macro_F1=0.6134 Neutral_F1=0.4759 Acc=0.6346 MAE=0.6154 train_loss=0.5445
v3_control_seed2027 epoch=15 Macro_F1=0.6141 Neutral_F1=0.4756 Acc=0.6374 MAE=0.6140 train_loss=0.5224
v3_control_seed2027 epoch=16 Macro_F1=0.6122 Neutral_F1=0.4735 Acc=0.6319 MAE=0.6145 train_loss=0.5085
v3_control_seed2028 epoch=1 Macro_F1=0.4636 Neutral_F1=0.1327 Acc=0.5728 MAE=0.6567 train_loss=1.6464
v3_control_seed2028 epoch=2 Macro_F1=0.6000 Neutral_F1=0.4259 Acc=0.6360 MAE=0.5909 train_loss=1.3371
v3_control_seed2028 epoch=3 Macro_F1=0.5826 Neutral_F1=0.4384 Acc=0.6126 MAE=0.5938 train_loss=1.2312
v3_control_seed2028 epoch=4 Macro_F1=0.6142 Neutral_F1=0.4413 Acc=0.6415 MAE=0.5727 train_loss=1.1625
v3_control_seed2028 epoch=5 Macro_F1=0.6070 Neutral_F1=0.4619 Acc=0.6181 MAE=0.5636 train_loss=1.0745
v3_control_seed2028 epoch=6 Macro_F1=0.6049 Neutral_F1=0.4520 Acc=0.6319 MAE=0.5784 train_loss=1.0132
v3_control_seed2028 epoch=7 Macro_F1=0.5950 Neutral_F1=0.3784 Acc=0.6401 MAE=0.5887 train_loss=0.9382
v3_control_seed2028 epoch=8 Macro_F1=0.6034 Neutral_F1=0.4685 Acc=0.6181 MAE=0.5854 train_loss=0.8576
v3_control_seed2028 epoch=9 Macro_F1=0.6055 Neutral_F1=0.4545 Acc=0.6223 MAE=0.5839 train_loss=0.7908
v3_control_seed2028 epoch=10 Macro_F1=0.5944 Neutral_F1=0.4159 Acc=0.6264 MAE=0.5922 train_loss=0.7216
v3_control_seed2028 epoch=11 Macro_F1=0.6035 Neutral_F1=0.4509 Acc=0.6223 MAE=0.6104 train_loss=0.6702
v3_control_seed2028 epoch=12 Macro_F1=0.6016 Neutral_F1=0.4555 Acc=0.6223 MAE=0.5993 train_loss=0.6026
Final validation Macro-F1=0.643240; target 0.65 reached=False
