2026-09-23 12:31:12,972 INFO [1/100] -3g5yACwYnA__13 words=15 alignment=wav2vec2_ctc_forced_alignment elapsed=4.5s
2026-09-23 12:31:23,715 INFO [2/100] -3g5yACwYnA__3 words=29 alignment=wav2vec2_ctc_forced_alignment elapsed=10.7s
2026-09-23 12:31:31,121 INFO [3/100] -3g5yACwYnA__2 words=14 alignment=wav2vec2_ctc_forced_alignment elapsed=7.4s
2026-09-23 12:31:39,924 INFO [4/100] -3g5yACwYnA__9 words=23 alignment=wav2vec2_ctc_forced_alignment elapsed=8.8s
2026-09-23 12:31:42,020 INFO [5/100] -3nNcZdcdvU__5 words=18 alignment=wav2vec2_ctc_forced_alignment elapsed=2.1s
2026-09-23 12:31:45,925 INFO [6/100] -HwX2H8Z4hY__2 words=7 alignment=wav2vec2_ctc_forced_alignment elapsed=3.9s
2026-09-23 12:31:51,121 INFO [7/100] -HwX2H8Z4hY__5 words=9 alignment=wav2vec2_ctc_forced_alignment elapsed=5.2s
2026-09-23 12:31:53,890 INFO [8/100] -HwX2H8Z4hY__6 words=7 alignment=wav2vec2_ctc_forced_alignment elapsed=2.8s
2026-09-23 12:31:59,115 INFO [9/100] -HwX2H8Z4hY__9 words=22 alignment=wav2vec2_ctc_forced_alignment elapsed=5.2s
2026-09-23 12:32:03,415 INFO [10/100] -NFrJFQijFE__1 words=16 alignment=wav2vec2_ctc_forced_alignment elapsed=4.3s
2026-09-23 12:32:08,625 INFO [11/100] -NFrJFQijFE__2 words=18 alignment=wav2vec2_ctc_forced_alignment elapsed=5.2s
2026-09-23 12:32:15,750 INFO [12/100] -THoVjtIkeU__12 words=39 alignment=wav2vec2_ctc_forced_alignment elapsed=7.1s
2026-09-23 12:32:17,442 INFO [13/100] -THoVjtIkeU__2 words=10 alignment=wav2vec2_ctc_forced_alignment elapsed=1.7s
2026-09-23 12:32:21,828 INFO [14/100] -THoVjtIkeU__6 words=30 alignment=wav2vec2_ctc_forced_alignment elapsed=4.4s
2026-09-23 12:32:31,028 INFO [15/100] -UuX1xuaiiE__1 words=27 alignment=wav2vec2_ctc_forced_alignment elapsed=9.2s
2026-09-23 12:32:33,607 INFO [16/100] -UuX1xuaiiE__0 words=9 alignment=wav2vec2_ctc_forced_alignment elapsed=2.6s
2026-09-23 12:32:36,906 INFO [17/100] -UuX1xuaiiE__3 words=9 alignment=wav2vec2_ctc_forced_alignment elapsed=3.3s
2026-09-23 12:32:44,532 INFO [18/100] -UuX1xuaiiE__6 words=22 alignment=wav2vec2_ctc_forced_alignment elapsed=7.6s
2026-09-23 12:32:51,716 INFO [19/100] -a55Q6RWvTA__3 words=65 alignment=wav2vec2_ctc_forced_alignment elapsed=7.2s
2026-09-23 12:32:54,816 INFO [20/100] -aNfi7CP8vM__7 words=18 alignment=wav2vec2_ctc_forced_alignment elapsed=3.1s
2026-09-23 12:33:01,419 INFO [21/100] -aqamKhZ1Ec__0 words=14 alignment=wav2vec2_ctc_forced_alignment elapsed=6.6s
2026-09-23 12:33:05,996 INFO [22/100] -dxfTGcXJoc__1 words=36 alignment=wav2vec2_ctc_forced_alignment elapsed=4.6s
2026-09-23 12:33:11,833 INFO [23/100] -dxfTGcXJoc__0 words=42 alignment=wav2vec2_ctc_forced_alignment elapsed=5.8s
2026-09-23 12:33:17,015 INFO [24/100] -dxfTGcXJoc__2 words=35 alignment=wav2vec2_ctc_forced_alignment elapsed=5.2s
2026-09-23 12:33:20,427 INFO [25/100] -dxfTGcXJoc__6 words=28 alignment=wav2vec2_ctc_forced_alignment elapsed=3.4s
2026-09-23 12:33:24,100 INFO [26/100] -egA8-b7-3M__26 words=15 alignment=wav2vec2_ctc_forced_alignment elapsed=3.7s
2026-09-23 12:33:28,638 INFO [27/100] -egA8-b7-3M__17 words=16 alignment=wav2vec2_ctc_forced_alignment elapsed=4.5s
2026-09-23 12:33:33,322 INFO [28/100] -egA8-b7-3M__18 words=22 alignment=wav2vec2_ctc_forced_alignment elapsed=4.7s
2026-09-23 12:33:35,891 INFO [29/100] -egA8-b7-3M__16 words=11 alignment=wav2vec2_ctc_forced_alignment elapsed=2.6s
2026-09-23 12:33:38,579 INFO [30/100] -egA8-b7-3M__13 words=11 alignment=wav2vec2_ctc_forced_alignment elapsed=2.7s
2026-09-23 12:33:42,819 INFO [31/100] -egA8-b7-3M__1 words=20 alignment=wav2vec2_ctc_forced_alignment elapsed=4.2s
2026-09-23 12:33:45,973 INFO [32/100] -egA8-b7-3M__6 words=12 alignment=wav2vec2_ctc_forced_alignment elapsed=3.1s
2026-09-23 12:33:48,916 INFO [33/100] -egA8-b7-3M__9 words=10 alignment=wav2vec2_ctc_forced_alignment elapsed=2.9s
2026-09-23 12:33:53,743 INFO [34/100] -egA8-b7-3M__20 words=20 alignment=wav2vec2_ctc_forced_alignment elapsed=4.8s
2026-09-23 12:33:57,119 INFO [35/100] -iRBcNs9oI8__3 words=8 alignment=wav2vec2_ctc_forced_alignment elapsed=3.4s
2026-09-23 12:34:00,027 INFO [36/100] -iRBcNs9oI8__7 words=9 alignment=wav2vec2_ctc_forced_alignment elapsed=2.9s
2026-09-23 12:34:03,037 INFO [37/100] -iRBcNs9oI8__6 words=5 alignment=wav2vec2_ctc_forced_alignment elapsed=3.0s
2026-09-23 12:34:06,128 INFO [38/100] -iRBcNs9oI8__9 words=5 alignment=wav2vec2_ctc_forced_alignment elapsed=3.1s
2026-09-23 12:34:10,802 INFO [39/100] -iRBcNs9oI8__8 words=21 alignment=wav2vec2_ctc_forced_alignment elapsed=4.7s
2026-09-23 12:34:13,834 INFO [40/100] -lzEya4AM_4__5 words=19 alignment=wav2vec2_ctc_forced_alignment elapsed=3.0s
2026-09-23 12:34:21,425 INFO [41/100] -lzEya4AM_4__6 words=43 alignment=wav2vec2_ctc_forced_alignment elapsed=7.6s
2026-09-23 12:34:24,889 INFO [42/100] -mJ2ud6oKI8__1 words=13 alignment=wav2vec2_ctc_forced_alignment elapsed=3.5s
2026-09-23 12:34:29,412 INFO [43/100] -mJ2ud6oKI8__2 words=11 alignment=wav2vec2_ctc_forced_alignment elapsed=4.5s
2026-09-23 12:34:31,026 INFO [44/100] -mJ2ud6oKI8__6 words=5 alignment=wav2vec2_ctc_forced_alignment elapsed=1.6s
2026-09-23 12:34:38,127 INFO [45/100] -mJ2ud6oKI8__9 words=22 alignment=wav2vec2_ctc_forced_alignment elapsed=7.1s
2026-09-23 12:34:43,501 INFO [46/100] -mJ2ud6oKI8__8 words=11 alignment=wav2vec2_ctc_forced_alignment elapsed=5.4s
2026-09-23 12:34:46,928 INFO [47/100] -mqbVkbCndg__0 words=14 alignment=wav2vec2_ctc_forced_alignment elapsed=3.4s
2026-09-23 12:34:49,298 INFO [48/100] -t217m2on-s__2 words=12 alignment=wav2vec2_ctc_forced_alignment elapsed=2.4s
2026-09-23 12:34:54,518 INFO [49/100] -t217m2on-s__7 words=45 alignment=wav2vec2_ctc_forced_alignment elapsed=5.2s
2026-09-23 12:35:00,212 INFO [50/100] -tANM6ETl_M__3 words=22 alignment=wav2vec2_ctc_forced_alignment elapsed=5.7s
2026-09-23 12:35:03,200 INFO [51/100] -tPCytz4rww__11 words=17 alignment=wav2vec2_ctc_forced_alignment elapsed=3.0s
2026-09-23 12:35:06,109 INFO [52/100] -tPCytz4rww__10 words=12 alignment=wav2vec2_ctc_forced_alignment elapsed=2.9s
2026-09-23 12:35:11,502 INFO [53/100] -tPCytz4rww__12 words=26 alignment=wav2vec2_ctc_forced_alignment elapsed=5.4s
2026-09-23 12:35:15,517 INFO [54/100] -tPCytz4rww__16 words=16 alignment=wav2vec2_ctc_forced_alignment elapsed=4.0s
2026-09-23 12:35:19,726 INFO [55/100] -tPCytz4rww__18 words=16 alignment=wav2vec2_ctc_forced_alignment elapsed=4.2s
2026-09-23 12:35:22,702 INFO [56/100] -vxjVxOeScU__4 words=21 alignment=wav2vec2_ctc_forced_alignment elapsed=3.0s
2026-09-23 12:35:24,792 INFO [57/100] -wMB_hJL-3o__7 words=22 alignment=wav2vec2_ctc_forced_alignment elapsed=2.1s
2026-09-23 12:35:30,099 INFO [58/100] -wny0OAz3g8__1 words=22 alignment=wav2vec2_ctc_forced_alignment elapsed=5.3s
2026-09-23 12:35:32,423 INFO [59/100] -wny0OAz3g8__0 words=9 alignment=wav2vec2_ctc_forced_alignment elapsed=2.3s
2026-09-23 12:35:37,309 INFO [60/100] -wny0OAz3g8__3 words=20 alignment=wav2vec2_ctc_forced_alignment elapsed=4.9s
2026-09-23 12:35:42,801 INFO [61/100] -wny0OAz3g8__2 words=23 alignment=wav2vec2_ctc_forced_alignment elapsed=5.5s
2026-09-23 12:35:48,022 INFO [62/100] -wny0OAz3g8__5 words=20 alignment=wav2vec2_ctc_forced_alignment elapsed=5.2s
2026-09-23 12:35:53,723 INFO [63/100] -wny0OAz3g8__7 words=29 alignment=wav2vec2_ctc_forced_alignment elapsed=5.7s
2026-09-23 12:35:58,490 INFO [64/100] -wny0OAz3g8__9 words=20 alignment=wav2vec2_ctc_forced_alignment elapsed=4.8s
2026-09-23 12:36:00,250 INFO [65/100] -571d8cVauQ__0 words=12 alignment=wav2vec2_ctc_forced_alignment elapsed=1.8s
2026-09-23 12:36:06,692 INFO [66/100] -571d8cVauQ__5 words=43 alignment=wav2vec2_ctc_forced_alignment elapsed=6.4s
2026-09-23 12:36:19,949 INFO [67/100] -I_e4mIh0yE__1 words=18 alignment=wav2vec2_ctc_forced_alignment elapsed=13.3s
2026-09-23 12:36:23,100 INFO [68/100] -I_e4mIh0yE__3 words=22 alignment=wav2vec2_ctc_forced_alignment elapsed=3.1s
2026-09-23 12:36:26,518 INFO [69/100] -UacrmKiTn4__10 words=18 alignment=wav2vec2_ctc_forced_alignment elapsed=3.4s
2026-09-23 12:36:28,398 INFO [70/100] -UacrmKiTn4__4 words=14 alignment=wav2vec2_ctc_forced_alignment elapsed=1.9s
2026-09-23 12:36:34,090 INFO [71/100] -hnBHBN8p5A__7 words=13 alignment=wav2vec2_ctc_forced_alignment elapsed=5.7s
2026-09-23 12:36:39,305 INFO [72/100] -hnBHBN8p5A__6 words=13 alignment=wav2vec2_ctc_forced_alignment elapsed=5.2s
2026-09-23 12:36:41,389 INFO [73/100] -qDkUB0GgYY__6 words=16 alignment=wav2vec2_ctc_forced_alignment elapsed=2.1s
2026-09-23 12:36:44,815 INFO [74/100] -uywlfIYOS8__4 words=18 alignment=wav2vec2_ctc_forced_alignment elapsed=3.4s
2026-09-23 12:36:50,144 INFO [75/100] -6rXp3zJ3kc__8 words=34 alignment=wav2vec2_ctc_forced_alignment elapsed=5.3s
2026-09-23 12:36:54,497 INFO [76/100] -9y-fZ3swSY__0 words=22 alignment=wav2vec2_ctc_forced_alignment elapsed=4.3s
2026-09-23 12:36:58,378 INFO [77/100] -9y-fZ3swSY__4 words=9 alignment=wav2vec2_ctc_forced_alignment elapsed=3.9s
2026-09-23 12:37:03,995 INFO [78/100] -9y-fZ3swSY__8 words=12 alignment=wav2vec2_ctc_forced_alignment elapsed=5.6s
2026-09-23 12:37:21,315 INFO [79/100] -AUZQgSxyPQ__2 words=41 alignment=wav2vec2_ctc_forced_alignment elapsed=17.3s
2026-09-23 12:37:26,629 INFO [80/100] -HeZS2-Prhc__2 words=16 alignment=wav2vec2_ctc_forced_alignment elapsed=5.3s
2026-09-23 12:37:29,396 INFO [81/100] -MeTTeMJBNc__0 words=21 alignment=wav2vec2_ctc_forced_alignment elapsed=2.8s
2026-09-23 12:37:31,444 INFO [82/100] -MeTTeMJBNc__13 words=14 alignment=wav2vec2_ctc_forced_alignment elapsed=2.0s
2026-09-23 12:37:35,220 INFO [83/100] -MeTTeMJBNc__7 words=31 alignment=wav2vec2_ctc_forced_alignment elapsed=3.8s
2026-09-23 12:37:41,713 INFO [84/100] -RfYyzHpjk4__11 words=17 alignment=wav2vec2_ctc_forced_alignment elapsed=6.5s
2026-09-23 12:37:47,997 INFO [85/100] -RfYyzHpjk4__8 words=17 alignment=wav2vec2_ctc_forced_alignment elapsed=6.3s
2026-09-23 12:37:52,164 INFO [86/100] -RfYyzHpjk4__2 words=25 alignment=wav2vec2_ctc_forced_alignment elapsed=4.2s
2026-09-23 12:37:54,415 INFO [87/100] -UUCSKoHeMA__0 words=18 alignment=wav2vec2_ctc_forced_alignment elapsed=2.2s
2026-09-23 12:37:55,874 INFO [88/100] -ri04Z7vwnc__0 words=8 alignment=wav2vec2_ctc_forced_alignment elapsed=1.5s
2026-09-23 12:37:59,180 INFO [89/100] -ri04Z7vwnc__2 words=16 alignment=wav2vec2_ctc_forced_alignment elapsed=3.3s
2026-09-23 12:38:01,755 INFO [90/100] -ri04Z7vwnc__5 words=8 alignment=wav2vec2_ctc_forced_alignment elapsed=2.6s
2026-09-23 12:38:06,793 INFO [91/100] -s9qJ7ATP7w__1 words=11 alignment=wav2vec2_ctc_forced_alignment elapsed=5.0s
2026-09-23 12:38:11,110 INFO [92/100] -s9qJ7ATP7w__0 words=24 alignment=wav2vec2_ctc_forced_alignment elapsed=4.3s
2026-09-23 12:38:18,714 INFO [93/100] -s9qJ7ATP7w__5 words=19 alignment=wav2vec2_ctc_forced_alignment elapsed=7.6s
2026-09-23 12:38:23,016 INFO [94/100] -s9qJ7ATP7w__4 words=9 alignment=wav2vec2_ctc_forced_alignment elapsed=4.3s
2026-09-23 12:38:29,911 INFO [95/100] -s9qJ7ATP7w__7 words=28 alignment=wav2vec2_ctc_forced_alignment elapsed=6.9s
2026-09-23 12:38:33,025 INFO [96/100] -s9qJ7ATP7w__6 words=5 alignment=wav2vec2_ctc_forced_alignment elapsed=3.1s
2026-09-23 12:38:37,189 INFO [97/100] -s9qJ7ATP7w__8 words=12 alignment=wav2vec2_ctc_forced_alignment elapsed=4.2s
2026-09-23 12:38:56,497 INFO [98/100] -yRb-Jum7EQ__1 words=49 alignment=wav2vec2_ctc_forced_alignment elapsed=19.3s
2026-09-23 12:39:04,429 INFO [99/100] -yRb-Jum7EQ__5 words=25 alignment=wav2vec2_ctc_forced_alignment elapsed=7.9s
2026-09-23 12:39:12,927 INFO [100/100] -yRb-Jum7EQ__6 words=19 alignment=wav2vec2_ctc_forced_alignment elapsed=8.5s
2026-09-23 12:39:12,935 INFO finished: {"expected_samples": 100, "attempted_samples": 100, "successful_or_existing": 100, "failed_or_missing": 0, "total_word_rows": 1934, "all_100_covered": true, "elapsed_seconds": 484.47, "output_dir": "./outputs/question1_final", "models": {"text": "google-bert/bert-base-uncased", "audio": "facebook/wav2vec2-base-960h", "vision": "ResNet18_Weights.DEFAULT"}, "failures": []}
2026-09-23 12:49:11,496 INFO [1/100] -3g5yACwYnA__13 words=15 alignment=wav2vec2_ctc_forced_alignment elapsed=3.1s
2026-09-23 12:49:17,417 INFO [2/100] -3g5yACwYnA__3 words=29 alignment=wav2vec2_ctc_forced_alignment elapsed=5.9s
2026-09-23 12:49:21,521 INFO [3/100] -3g5yACwYnA__2 words=14 alignment=wav2vec2_ctc_forced_alignment elapsed=4.1s
2026-09-23 12:49:26,013 INFO [4/100] -3g5yACwYnA__9 words=23 alignment=wav2vec2_ctc_forced_alignment elapsed=4.5s
2026-09-23 12:49:27,176 INFO [5/100] -3nNcZdcdvU__5 words=18 alignment=wav2vec2_ctc_forced_alignment elapsed=1.2s
2026-09-23 12:49:29,367 INFO [6/100] -HwX2H8Z4hY__2 words=7 alignment=proportional_fallback_low_ctc_confidence elapsed=2.2s
2026-09-23 12:49:32,149 INFO [7/100] -HwX2H8Z4hY__5 words=9 alignment=wav2vec2_ctc_forced_alignment elapsed=2.8s
2026-09-23 12:49:33,775 INFO [8/100] -HwX2H8Z4hY__6 words=7 alignment=wav2vec2_ctc_forced_alignment elapsed=1.6s
2026-09-23 12:49:36,561 INFO [9/100] -HwX2H8Z4hY__9 words=22 alignment=wav2vec2_ctc_forced_alignment elapsed=2.8s
2026-09-23 12:49:38,941 INFO [10/100] -NFrJFQijFE__1 words=16 alignment=proportional_fallback_low_ctc_confidence elapsed=2.4s
2026-09-23 12:49:41,666 INFO [11/100] -NFrJFQijFE__2 words=18 alignment=proportional_fallback_low_ctc_confidence elapsed=2.7s
2026-09-23 12:49:45,830 INFO [12/100] -THoVjtIkeU__12 words=39 alignment=wav2vec2_ctc_forced_alignment elapsed=4.2s
2026-09-23 12:49:46,863 INFO [13/100] -THoVjtIkeU__2 words=10 alignment=wav2vec2_ctc_forced_alignment elapsed=1.0s
2026-09-23 12:49:49,162 INFO [14/100] -THoVjtIkeU__6 words=30 alignment=wav2vec2_ctc_forced_alignment elapsed=2.3s
2026-09-23 12:49:54,020 INFO [15/100] -UuX1xuaiiE__1 words=27 alignment=wav2vec2_ctc_forced_alignment elapsed=4.9s
2026-09-23 12:49:55,410 INFO [16/100] -UuX1xuaiiE__0 words=9 alignment=wav2vec2_ctc_forced_alignment elapsed=1.4s
2026-09-23 12:49:57,378 INFO [17/100] -UuX1xuaiiE__3 words=9 alignment=wav2vec2_ctc_forced_alignment elapsed=2.0s
2026-09-23 12:50:01,624 INFO [18/100] -UuX1xuaiiE__6 words=22 alignment=wav2vec2_ctc_forced_alignment elapsed=4.2s
2026-09-23 12:50:05,451 INFO [19/100] -a55Q6RWvTA__3 words=65 alignment=wav2vec2_ctc_forced_alignment elapsed=3.8s
2026-09-23 12:50:07,195 INFO [20/100] -aNfi7CP8vM__7 words=18 alignment=wav2vec2_ctc_forced_alignment elapsed=1.7s
2026-09-23 12:50:10,493 INFO [21/100] -aqamKhZ1Ec__0 words=14 alignment=wav2vec2_ctc_forced_alignment elapsed=3.3s
2026-09-23 12:50:12,931 INFO [22/100] -dxfTGcXJoc__1 words=36 alignment=wav2vec2_ctc_forced_alignment elapsed=2.4s
2026-09-23 12:50:15,941 INFO [23/100] -dxfTGcXJoc__0 words=42 alignment=wav2vec2_ctc_forced_alignment elapsed=3.0s
2026-09-23 12:50:18,623 INFO [24/100] -dxfTGcXJoc__2 words=35 alignment=wav2vec2_ctc_forced_alignment elapsed=2.7s
2026-09-23 12:50:20,406 INFO [25/100] -dxfTGcXJoc__6 words=28 alignment=wav2vec2_ctc_forced_alignment elapsed=1.8s
2026-09-23 12:50:22,328 INFO [26/100] -egA8-b7-3M__26 words=15 alignment=wav2vec2_ctc_forced_alignment elapsed=1.9s
2026-09-23 12:50:24,799 INFO [27/100] -egA8-b7-3M__17 words=16 alignment=wav2vec2_ctc_forced_alignment elapsed=2.5s
2026-09-23 12:50:27,276 INFO [28/100] -egA8-b7-3M__18 words=22 alignment=wav2vec2_ctc_forced_alignment elapsed=2.5s
2026-09-23 12:50:28,718 INFO [29/100] -egA8-b7-3M__16 words=11 alignment=wav2vec2_ctc_forced_alignment elapsed=1.4s
2026-09-23 12:50:30,164 INFO [30/100] -egA8-b7-3M__13 words=11 alignment=wav2vec2_ctc_forced_alignment elapsed=1.4s
2026-09-23 12:50:32,387 INFO [31/100] -egA8-b7-3M__1 words=20 alignment=wav2vec2_ctc_forced_alignment elapsed=2.2s
2026-09-23 12:50:34,248 INFO [32/100] -egA8-b7-3M__6 words=12 alignment=wav2vec2_ctc_forced_alignment elapsed=1.9s
2026-09-23 12:50:35,855 INFO [33/100] -egA8-b7-3M__9 words=10 alignment=wav2vec2_ctc_forced_alignment elapsed=1.6s
2026-09-23 12:50:38,626 INFO [34/100] -egA8-b7-3M__20 words=20 alignment=wav2vec2_ctc_forced_alignment elapsed=2.8s
2026-09-23 12:50:40,453 INFO [35/100] -iRBcNs9oI8__3 words=8 alignment=proportional_fallback_low_ctc_confidence elapsed=1.8s
2026-09-23 12:50:41,915 INFO [36/100] -iRBcNs9oI8__7 words=9 alignment=proportional_fallback_low_ctc_confidence elapsed=1.5s
2026-09-23 12:50:43,666 INFO [37/100] -iRBcNs9oI8__6 words=5 alignment=proportional_fallback_low_ctc_confidence elapsed=1.8s
2026-09-23 12:50:45,405 INFO [38/100] -iRBcNs9oI8__9 words=5 alignment=proportional_fallback_low_ctc_confidence elapsed=1.7s
2026-09-23 12:50:47,870 INFO [39/100] -iRBcNs9oI8__8 words=21 alignment=proportional_fallback_low_ctc_confidence elapsed=2.5s
2026-09-23 12:50:49,484 INFO [40/100] -lzEya4AM_4__5 words=19 alignment=wav2vec2_ctc_forced_alignment elapsed=1.6s
2026-09-23 12:50:53,324 INFO [41/100] -lzEya4AM_4__6 words=43 alignment=wav2vec2_ctc_forced_alignment elapsed=3.8s
2026-09-23 12:50:55,207 INFO [42/100] -mJ2ud6oKI8__1 words=13 alignment=proportional_fallback_silent_audio elapsed=1.9s
2026-09-23 12:50:57,636 INFO [43/100] -mJ2ud6oKI8__2 words=11 alignment=proportional_fallback_silent_audio elapsed=2.4s
2026-09-23 12:50:58,640 INFO [44/100] -mJ2ud6oKI8__6 words=5 alignment=proportional_fallback_low_ctc_confidence elapsed=1.0s
2026-09-23 12:51:02,413 INFO [45/100] -mJ2ud6oKI8__9 words=22 alignment=proportional_fallback_low_ctc_confidence elapsed=3.8s
2026-09-23 12:51:05,469 INFO [46/100] -mJ2ud6oKI8__8 words=11 alignment=proportional_fallback_low_ctc_confidence elapsed=3.1s
2026-09-23 12:51:07,184 INFO [47/100] -mqbVkbCndg__0 words=14 alignment=wav2vec2_ctc_forced_alignment elapsed=1.7s
2026-09-23 12:51:08,456 INFO [48/100] -t217m2on-s__2 words=12 alignment=wav2vec2_ctc_forced_alignment elapsed=1.3s
2026-09-23 12:51:11,122 INFO [49/100] -t217m2on-s__7 words=45 alignment=wav2vec2_ctc_forced_alignment elapsed=2.7s
2026-09-23 12:51:14,364 INFO [50/100] -tANM6ETl_M__3 words=22 alignment=wav2vec2_ctc_forced_alignment elapsed=3.2s
2026-09-23 12:51:15,875 INFO [51/100] -tPCytz4rww__11 words=17 alignment=wav2vec2_ctc_forced_alignment elapsed=1.5s
2026-09-23 12:51:17,421 INFO [52/100] -tPCytz4rww__10 words=12 alignment=wav2vec2_ctc_forced_alignment elapsed=1.5s
2026-09-23 12:51:20,225 INFO [53/100] -tPCytz4rww__12 words=26 alignment=wav2vec2_ctc_forced_alignment elapsed=2.8s
2026-09-23 12:51:22,279 INFO [54/100] -tPCytz4rww__16 words=16 alignment=wav2vec2_ctc_forced_alignment elapsed=2.0s
2026-09-23 12:51:24,481 INFO [55/100] -tPCytz4rww__18 words=16 alignment=wav2vec2_ctc_forced_alignment elapsed=2.2s
2026-09-23 12:51:26,052 INFO [56/100] -vxjVxOeScU__4 words=21 alignment=wav2vec2_ctc_forced_alignment elapsed=1.6s
2026-09-23 12:51:27,184 INFO [57/100] -wMB_hJL-3o__7 words=22 alignment=wav2vec2_ctc_forced_alignment elapsed=1.1s
2026-09-23 12:51:29,911 INFO [58/100] -wny0OAz3g8__1 words=22 alignment=wav2vec2_ctc_forced_alignment elapsed=2.7s
2026-09-23 12:51:31,010 INFO [59/100] -wny0OAz3g8__0 words=9 alignment=wav2vec2_ctc_forced_alignment elapsed=1.1s
2026-09-23 12:51:33,619 INFO [60/100] -wny0OAz3g8__3 words=20 alignment=wav2vec2_ctc_forced_alignment elapsed=2.6s
2026-09-23 12:51:36,208 INFO [61/100] -wny0OAz3g8__2 words=23 alignment=wav2vec2_ctc_forced_alignment elapsed=2.6s
2026-09-23 12:51:38,978 INFO [62/100] -wny0OAz3g8__5 words=20 alignment=wav2vec2_ctc_forced_alignment elapsed=2.8s
2026-09-23 12:51:41,844 INFO [63/100] -wny0OAz3g8__7 words=29 alignment=wav2vec2_ctc_forced_alignment elapsed=2.9s
2026-09-23 12:51:44,218 INFO [64/100] -wny0OAz3g8__9 words=20 alignment=wav2vec2_ctc_forced_alignment elapsed=2.4s
2026-09-23 12:51:45,209 INFO [65/100] -571d8cVauQ__0 words=12 alignment=wav2vec2_ctc_forced_alignment elapsed=1.0s
2026-09-23 12:51:48,520 INFO [66/100] -571d8cVauQ__5 words=43 alignment=wav2vec2_ctc_forced_alignment elapsed=3.3s
2026-09-23 12:51:50,182 INFO [67/100] -I_e4mIh0yE__1 words=18 alignment=wav2vec2_ctc_forced_alignment elapsed=1.7s
2026-09-23 12:51:51,892 INFO [68/100] -I_e4mIh0yE__3 words=22 alignment=wav2vec2_ctc_forced_alignment elapsed=1.7s
2026-09-23 12:51:53,684 INFO [69/100] -UacrmKiTn4__10 words=18 alignment=wav2vec2_ctc_forced_alignment elapsed=1.8s
2026-09-23 12:51:54,671 INFO [70/100] -UacrmKiTn4__4 words=14 alignment=wav2vec2_ctc_forced_alignment elapsed=1.0s
2026-09-23 12:51:57,477 INFO [71/100] -hnBHBN8p5A__7 words=13 alignment=proportional_fallback_low_ctc_confidence elapsed=2.8s
2026-09-23 12:52:00,119 INFO [72/100] -hnBHBN8p5A__6 words=13 alignment=proportional_fallback_low_ctc_confidence elapsed=2.6s
2026-09-23 12:52:01,341 INFO [73/100] -qDkUB0GgYY__6 words=16 alignment=wav2vec2_ctc_forced_alignment elapsed=1.2s
2026-09-23 12:52:03,215 INFO [74/100] -uywlfIYOS8__4 words=18 alignment=wav2vec2_ctc_forced_alignment elapsed=1.9s
2026-09-23 12:52:05,822 INFO [75/100] -6rXp3zJ3kc__8 words=34 alignment=wav2vec2_ctc_forced_alignment elapsed=2.6s
2026-09-23 12:52:07,985 INFO [76/100] -9y-fZ3swSY__0 words=22 alignment=wav2vec2_ctc_forced_alignment elapsed=2.2s
2026-09-23 12:52:09,916 INFO [77/100] -9y-fZ3swSY__4 words=9 alignment=wav2vec2_ctc_forced_alignment elapsed=1.9s
2026-09-23 12:52:12,735 INFO [78/100] -9y-fZ3swSY__8 words=12 alignment=wav2vec2_ctc_forced_alignment elapsed=2.8s
2026-09-23 12:52:21,644 INFO [79/100] -AUZQgSxyPQ__2 words=41 alignment=wav2vec2_ctc_forced_alignment elapsed=8.9s
2026-09-23 12:52:24,399 INFO [80/100] -HeZS2-Prhc__2 words=16 alignment=wav2vec2_ctc_forced_alignment elapsed=2.8s
2026-09-23 12:52:25,897 INFO [81/100] -MeTTeMJBNc__0 words=21 alignment=wav2vec2_ctc_forced_alignment elapsed=1.5s
2026-09-23 12:52:27,062 INFO [82/100] -MeTTeMJBNc__13 words=14 alignment=wav2vec2_ctc_forced_alignment elapsed=1.2s
2026-09-23 12:52:29,027 INFO [83/100] -MeTTeMJBNc__7 words=31 alignment=wav2vec2_ctc_forced_alignment elapsed=2.0s
2026-09-23 12:52:32,410 INFO [84/100] -RfYyzHpjk4__11 words=17 alignment=wav2vec2_ctc_forced_alignment elapsed=3.4s
2026-09-23 12:52:35,597 INFO [85/100] -RfYyzHpjk4__8 words=17 alignment=wav2vec2_ctc_forced_alignment elapsed=3.2s
2026-09-23 12:52:37,780 INFO [86/100] -RfYyzHpjk4__2 words=25 alignment=wav2vec2_ctc_forced_alignment elapsed=2.2s
2026-09-23 12:52:38,866 INFO [87/100] -UUCSKoHeMA__0 words=18 alignment=wav2vec2_ctc_forced_alignment elapsed=1.1s
2026-09-23 12:52:39,602 INFO [88/100] -ri04Z7vwnc__0 words=8 alignment=proportional_fallback_low_ctc_confidence elapsed=0.7s
2026-09-23 12:52:41,300 INFO [89/100] -ri04Z7vwnc__2 words=16 alignment=proportional_fallback_low_ctc_confidence elapsed=1.7s
2026-09-23 12:52:42,735 INFO [90/100] -ri04Z7vwnc__5 words=8 alignment=proportional_fallback_low_ctc_confidence elapsed=1.4s
2026-09-23 12:52:45,342 INFO [91/100] -s9qJ7ATP7w__1 words=11 alignment=wav2vec2_ctc_forced_alignment elapsed=2.6s
2026-09-23 12:52:47,454 INFO [92/100] -s9qJ7ATP7w__0 words=24 alignment=wav2vec2_ctc_forced_alignment elapsed=2.1s
2026-09-23 12:52:51,278 INFO [93/100] -s9qJ7ATP7w__5 words=19 alignment=wav2vec2_ctc_forced_alignment elapsed=3.8s
2026-09-23 12:52:53,671 INFO [94/100] -s9qJ7ATP7w__4 words=9 alignment=wav2vec2_ctc_forced_alignment elapsed=2.4s
2026-09-23 12:52:57,172 INFO [95/100] -s9qJ7ATP7w__7 words=28 alignment=wav2vec2_ctc_forced_alignment elapsed=3.5s
2026-09-23 12:52:58,892 INFO [96/100] -s9qJ7ATP7w__6 words=5 alignment=wav2vec2_ctc_forced_alignment elapsed=1.7s
2026-09-23 12:53:01,078 INFO [97/100] -s9qJ7ATP7w__8 words=12 alignment=wav2vec2_ctc_forced_alignment elapsed=2.2s
2026-09-23 12:53:11,110 INFO [98/100] -yRb-Jum7EQ__1 words=49 alignment=proportional_fallback_low_ctc_confidence elapsed=10.0s
2026-09-23 12:53:15,227 INFO [99/100] -yRb-Jum7EQ__5 words=25 alignment=proportional_fallback_low_ctc_confidence elapsed=4.1s
2026-09-23 12:53:19,594 INFO [100/100] -yRb-Jum7EQ__6 words=19 alignment=proportional_fallback_low_ctc_confidence elapsed=4.4s
2026-09-23 12:53:19,619 INFO finished: {"expected_samples": 100, "attempted_samples": 100, "successful_or_existing": 100, "failed_or_missing": 0, "total_word_rows": 1934, "all_100_covered": true, "elapsed_seconds": 251.2, "output_dir": "outputs/question1_final", "models": {"text": "google-bert/bert-base-uncased", "audio": "facebook/wav2vec2-base-960h", "vision": "ResNet18_Weights.DEFAULT"}, "failures": []}
