2026-09-23 14:00:13,819 INFO [1/100] -3g5yACwYnA__13 words=15 alignment=wav2vec2_ctc_forced_alignment elapsed=9.8s
2026-09-23 14:00:35,744 INFO [2/100] -3g5yACwYnA__3 words=29 alignment=wav2vec2_ctc_forced_alignment elapsed=21.9s
2026-09-23 14:00:50,449 INFO [3/100] -3g5yACwYnA__2 words=14 alignment=wav2vec2_ctc_forced_alignment elapsed=14.7s
2026-09-23 14:01:09,731 INFO [4/100] -3g5yACwYnA__9 words=23 alignment=wav2vec2_ctc_forced_alignment elapsed=19.3s
2026-09-23 14:01:15,734 INFO [5/100] -3nNcZdcdvU__5 words=18 alignment=wav2vec2_ctc_forced_alignment elapsed=6.0s
2026-09-23 14:01:24,527 INFO [6/100] -HwX2H8Z4hY__2 words=7 alignment=proportional_fallback_low_ctc_confidence elapsed=8.8s
2026-09-23 14:01:37,520 INFO [7/100] -HwX2H8Z4hY__5 words=9 alignment=wav2vec2_ctc_forced_alignment elapsed=13.0s
2026-09-23 14:01:43,895 INFO [8/100] -HwX2H8Z4hY__6 words=7 alignment=wav2vec2_ctc_forced_alignment elapsed=6.4s
2026-09-23 14:01:56,222 INFO [9/100] -HwX2H8Z4hY__9 words=22 alignment=wav2vec2_ctc_forced_alignment elapsed=12.3s
2026-09-23 14:02:06,935 INFO [10/100] -NFrJFQijFE__1 words=16 alignment=proportional_fallback_low_ctc_confidence elapsed=10.7s
2026-09-23 14:02:19,414 INFO [11/100] -NFrJFQijFE__2 words=18 alignment=proportional_fallback_low_ctc_confidence elapsed=12.5s
2026-09-23 14:02:36,346 INFO [12/100] -THoVjtIkeU__12 words=39 alignment=wav2vec2_ctc_forced_alignment elapsed=16.9s
2026-09-23 14:02:40,119 INFO [13/100] -THoVjtIkeU__2 words=10 alignment=wav2vec2_ctc_forced_alignment elapsed=3.8s
2026-09-23 14:02:50,210 INFO [14/100] -THoVjtIkeU__6 words=30 alignment=wav2vec2_ctc_forced_alignment elapsed=10.1s
2026-09-23 14:03:13,443 INFO [15/100] -UuX1xuaiiE__1 words=27 alignment=wav2vec2_ctc_forced_alignment elapsed=23.2s
2026-09-23 14:03:18,829 INFO [16/100] -UuX1xuaiiE__0 words=9 alignment=wav2vec2_ctc_forced_alignment elapsed=5.4s
2026-09-23 14:03:25,526 INFO [17/100] -UuX1xuaiiE__3 words=9 alignment=wav2vec2_ctc_forced_alignment elapsed=6.7s
2026-09-23 14:03:42,644 INFO [18/100] -UuX1xuaiiE__6 words=22 alignment=wav2vec2_ctc_forced_alignment elapsed=17.1s
2026-09-23 14:03:59,947 INFO [19/100] -a55Q6RWvTA__3 words=65 alignment=wav2vec2_ctc_forced_alignment elapsed=17.3s
2026-09-23 14:04:07,222 INFO [20/100] -aNfi7CP8vM__7 words=18 alignment=wav2vec2_ctc_forced_alignment elapsed=7.3s
2026-09-23 14:04:20,697 INFO [21/100] -aqamKhZ1Ec__0 words=14 alignment=wav2vec2_ctc_forced_alignment elapsed=13.5s
2026-09-23 14:04:32,422 INFO [22/100] -dxfTGcXJoc__1 words=36 alignment=wav2vec2_ctc_forced_alignment elapsed=11.7s
2026-09-23 14:04:47,472 INFO [23/100] -dxfTGcXJoc__0 words=42 alignment=wav2vec2_ctc_forced_alignment elapsed=15.1s
2026-09-23 14:05:00,878 INFO [24/100] -dxfTGcXJoc__2 words=35 alignment=wav2vec2_ctc_forced_alignment elapsed=13.4s
2026-09-23 14:05:09,523 INFO [25/100] -dxfTGcXJoc__6 words=28 alignment=wav2vec2_ctc_forced_alignment elapsed=8.6s
2026-09-23 14:05:18,123 INFO [26/100] -egA8-b7-3M__26 words=15 alignment=wav2vec2_ctc_forced_alignment elapsed=8.6s
2026-09-23 14:05:29,226 INFO [27/100] -egA8-b7-3M__17 words=16 alignment=wav2vec2_ctc_forced_alignment elapsed=11.1s
2026-09-23 14:05:40,592 INFO [28/100] -egA8-b7-3M__18 words=22 alignment=wav2vec2_ctc_forced_alignment elapsed=11.4s
2026-09-23 14:05:46,709 INFO [29/100] -egA8-b7-3M__16 words=11 alignment=wav2vec2_ctc_forced_alignment elapsed=6.1s
2026-09-23 14:05:52,873 INFO [30/100] -egA8-b7-3M__13 words=11 alignment=wav2vec2_ctc_forced_alignment elapsed=6.2s
2026-09-23 14:06:03,006 INFO [31/100] -egA8-b7-3M__1 words=20 alignment=wav2vec2_ctc_forced_alignment elapsed=10.1s
2026-09-23 14:06:11,023 INFO [32/100] -egA8-b7-3M__6 words=12 alignment=wav2vec2_ctc_forced_alignment elapsed=8.0s
2026-09-23 14:06:17,892 INFO [33/100] -egA8-b7-3M__9 words=10 alignment=wav2vec2_ctc_forced_alignment elapsed=6.9s
2026-09-23 14:06:29,531 INFO [34/100] -egA8-b7-3M__20 words=20 alignment=wav2vec2_ctc_forced_alignment elapsed=11.6s
2026-09-23 14:06:37,331 INFO [35/100] -iRBcNs9oI8__3 words=8 alignment=proportional_fallback_low_ctc_confidence elapsed=7.8s
2026-09-23 14:06:44,024 INFO [36/100] -iRBcNs9oI8__7 words=9 alignment=proportional_fallback_low_ctc_confidence elapsed=6.7s
2026-09-23 14:06:51,485 INFO [37/100] -iRBcNs9oI8__6 words=5 alignment=proportional_fallback_low_ctc_confidence elapsed=7.5s
2026-09-23 14:06:58,918 INFO [38/100] -iRBcNs9oI8__9 words=5 alignment=proportional_fallback_low_ctc_confidence elapsed=7.4s
2026-09-23 14:07:09,937 INFO [39/100] -iRBcNs9oI8__8 words=21 alignment=proportional_fallback_low_ctc_confidence elapsed=11.0s
2026-09-23 14:07:15,895 INFO [40/100] -lzEya4AM_4__5 words=19 alignment=wav2vec2_ctc_forced_alignment elapsed=6.0s
2026-09-23 14:07:32,802 INFO [41/100] -lzEya4AM_4__6 words=43 alignment=wav2vec2_ctc_forced_alignment elapsed=16.9s
2026-09-23 14:07:40,628 INFO [42/100] -mJ2ud6oKI8__1 words=13 alignment=proportional_fallback_silent_audio elapsed=7.8s
2026-09-23 14:07:52,791 INFO [43/100] -mJ2ud6oKI8__2 words=11 alignment=proportional_fallback_silent_audio elapsed=12.2s
2026-09-23 14:07:55,968 INFO [44/100] -mJ2ud6oKI8__6 words=5 alignment=proportional_fallback_low_ctc_confidence elapsed=3.2s
2026-09-23 14:08:11,624 INFO [45/100] -mJ2ud6oKI8__9 words=22 alignment=proportional_fallback_low_ctc_confidence elapsed=15.7s
2026-09-23 14:08:23,511 INFO [46/100] -mJ2ud6oKI8__8 words=11 alignment=proportional_fallback_low_ctc_confidence elapsed=11.9s
2026-09-23 14:08:30,025 INFO [47/100] -mqbVkbCndg__0 words=14 alignment=wav2vec2_ctc_forced_alignment elapsed=6.5s
2026-09-23 14:08:35,911 INFO [48/100] -t217m2on-s__2 words=12 alignment=wav2vec2_ctc_forced_alignment elapsed=5.9s
2026-09-23 14:08:49,448 INFO [49/100] -t217m2on-s__7 words=45 alignment=wav2vec2_ctc_forced_alignment elapsed=13.5s
2026-09-23 14:09:00,608 INFO [50/100] -tANM6ETl_M__3 words=22 alignment=wav2vec2_ctc_forced_alignment elapsed=11.2s
2026-09-23 14:09:07,305 INFO [51/100] -tPCytz4rww__11 words=17 alignment=wav2vec2_ctc_forced_alignment elapsed=6.7s
2026-09-23 14:09:14,026 INFO [52/100] -tPCytz4rww__10 words=12 alignment=wav2vec2_ctc_forced_alignment elapsed=6.7s
2026-09-23 14:09:26,540 INFO [53/100] -tPCytz4rww__12 words=26 alignment=wav2vec2_ctc_forced_alignment elapsed=12.5s
2026-09-23 14:09:35,936 INFO [54/100] -tPCytz4rww__16 words=16 alignment=wav2vec2_ctc_forced_alignment elapsed=9.4s
2026-09-23 14:09:46,400 INFO [55/100] -tPCytz4rww__18 words=16 alignment=wav2vec2_ctc_forced_alignment elapsed=10.5s
2026-09-23 14:09:54,029 INFO [56/100] -vxjVxOeScU__4 words=21 alignment=wav2vec2_ctc_forced_alignment elapsed=7.6s
2026-09-23 14:09:59,142 INFO [57/100] -wMB_hJL-3o__7 words=22 alignment=wav2vec2_ctc_forced_alignment elapsed=5.1s
2026-09-23 14:10:11,621 INFO [58/100] -wny0OAz3g8__1 words=22 alignment=wav2vec2_ctc_forced_alignment elapsed=12.5s
2026-09-23 14:10:16,102 INFO [59/100] -wny0OAz3g8__0 words=9 alignment=wav2vec2_ctc_forced_alignment elapsed=4.5s
2026-09-23 14:10:27,973 INFO [60/100] -wny0OAz3g8__3 words=20 alignment=wav2vec2_ctc_forced_alignment elapsed=11.9s
2026-09-23 14:10:38,339 INFO [61/100] -wny0OAz3g8__2 words=23 alignment=wav2vec2_ctc_forced_alignment elapsed=10.4s
2026-09-23 14:10:51,517 INFO [62/100] -wny0OAz3g8__5 words=20 alignment=wav2vec2_ctc_forced_alignment elapsed=13.2s
2026-09-23 14:11:05,372 INFO [63/100] -wny0OAz3g8__7 words=29 alignment=wav2vec2_ctc_forced_alignment elapsed=13.8s
2026-09-23 14:11:13,917 INFO [64/100] -wny0OAz3g8__9 words=20 alignment=wav2vec2_ctc_forced_alignment elapsed=8.5s
2026-09-23 14:11:17,325 INFO [65/100] -571d8cVauQ__0 words=12 alignment=wav2vec2_ctc_forced_alignment elapsed=3.4s
2026-09-23 14:11:30,817 INFO [66/100] -571d8cVauQ__5 words=43 alignment=wav2vec2_ctc_forced_alignment elapsed=13.5s
2026-09-23 14:11:38,402 INFO [67/100] -I_e4mIh0yE__1 words=18 alignment=wav2vec2_ctc_forced_alignment elapsed=7.6s
2026-09-23 14:11:45,967 INFO [68/100] -I_e4mIh0yE__3 words=22 alignment=wav2vec2_ctc_forced_alignment elapsed=7.6s
2026-09-23 14:11:53,720 INFO [69/100] -UacrmKiTn4__10 words=18 alignment=wav2vec2_ctc_forced_alignment elapsed=7.8s
2026-09-23 14:11:57,917 INFO [70/100] -UacrmKiTn4__4 words=14 alignment=wav2vec2_ctc_forced_alignment elapsed=4.2s
2026-09-23 14:12:12,292 INFO [71/100] -hnBHBN8p5A__7 words=13 alignment=proportional_fallback_low_ctc_confidence elapsed=14.4s
2026-09-23 14:12:25,220 INFO [72/100] -hnBHBN8p5A__6 words=13 alignment=proportional_fallback_low_ctc_confidence elapsed=12.9s
2026-09-23 14:12:30,120 INFO [73/100] -qDkUB0GgYY__6 words=16 alignment=wav2vec2_ctc_forced_alignment elapsed=4.9s
2026-09-23 14:12:38,504 INFO [74/100] -uywlfIYOS8__4 words=18 alignment=wav2vec2_ctc_forced_alignment elapsed=8.4s
2026-09-23 14:12:51,243 INFO [75/100] -6rXp3zJ3kc__8 words=34 alignment=wav2vec2_ctc_forced_alignment elapsed=12.7s
2026-09-23 14:12:59,081 INFO [76/100] -9y-fZ3swSY__0 words=22 alignment=wav2vec2_ctc_forced_alignment elapsed=7.8s
2026-09-23 14:13:07,426 INFO [77/100] -9y-fZ3swSY__4 words=9 alignment=wav2vec2_ctc_forced_alignment elapsed=8.3s
2026-09-23 14:13:21,126 INFO [78/100] -9y-fZ3swSY__8 words=12 alignment=wav2vec2_ctc_forced_alignment elapsed=13.7s
2026-09-23 14:13:55,116 INFO [79/100] -AUZQgSxyPQ__2 words=41 alignment=wav2vec2_ctc_forced_alignment elapsed=34.0s
2026-09-23 14:14:07,996 INFO [80/100] -HeZS2-Prhc__2 words=16 alignment=wav2vec2_ctc_forced_alignment elapsed=12.9s
2026-09-23 14:14:14,811 INFO [81/100] -MeTTeMJBNc__0 words=21 alignment=wav2vec2_ctc_forced_alignment elapsed=6.8s
2026-09-23 14:14:19,920 INFO [82/100] -MeTTeMJBNc__13 words=14 alignment=wav2vec2_ctc_forced_alignment elapsed=5.1s
2026-09-23 14:14:28,812 INFO [83/100] -MeTTeMJBNc__7 words=31 alignment=wav2vec2_ctc_forced_alignment elapsed=8.9s
2026-09-23 14:14:42,637 INFO [84/100] -RfYyzHpjk4__11 words=17 alignment=wav2vec2_ctc_forced_alignment elapsed=13.8s
2026-09-23 14:14:55,511 INFO [85/100] -RfYyzHpjk4__8 words=17 alignment=wav2vec2_ctc_forced_alignment elapsed=12.9s
2026-09-23 14:15:04,310 INFO [86/100] -RfYyzHpjk4__2 words=25 alignment=wav2vec2_ctc_forced_alignment elapsed=8.8s
2026-09-23 14:15:09,896 INFO [87/100] -UUCSKoHeMA__0 words=18 alignment=wav2vec2_ctc_forced_alignment elapsed=5.6s
2026-09-23 14:15:12,898 INFO [88/100] -ri04Z7vwnc__0 words=8 alignment=proportional_fallback_low_ctc_confidence elapsed=3.0s
2026-09-23 14:15:20,391 INFO [89/100] -ri04Z7vwnc__2 words=16 alignment=proportional_fallback_low_ctc_confidence elapsed=7.5s
2026-09-23 14:15:25,222 INFO [90/100] -ri04Z7vwnc__5 words=8 alignment=proportional_fallback_low_ctc_confidence elapsed=4.8s
2026-09-23 14:15:35,003 INFO [91/100] -s9qJ7ATP7w__1 words=11 alignment=wav2vec2_ctc_forced_alignment elapsed=9.8s
2026-09-23 14:15:42,911 INFO [92/100] -s9qJ7ATP7w__0 words=24 alignment=wav2vec2_ctc_forced_alignment elapsed=7.9s
2026-09-23 14:15:57,909 INFO [93/100] -s9qJ7ATP7w__5 words=19 alignment=wav2vec2_ctc_forced_alignment elapsed=15.0s
2026-09-23 14:16:06,905 INFO [94/100] -s9qJ7ATP7w__4 words=9 alignment=wav2vec2_ctc_forced_alignment elapsed=9.0s
2026-09-23 14:16:22,711 INFO [95/100] -s9qJ7ATP7w__7 words=28 alignment=wav2vec2_ctc_forced_alignment elapsed=15.8s
2026-09-23 14:16:30,024 INFO [96/100] -s9qJ7ATP7w__6 words=5 alignment=wav2vec2_ctc_forced_alignment elapsed=7.3s
2026-09-23 14:16:39,032 INFO [97/100] -s9qJ7ATP7w__8 words=12 alignment=wav2vec2_ctc_forced_alignment elapsed=9.0s
2026-09-23 14:17:21,557 INFO [98/100] -yRb-Jum7EQ__1 words=49 alignment=proportional_fallback_low_ctc_confidence elapsed=42.5s
2026-09-23 14:17:37,812 INFO [99/100] -yRb-Jum7EQ__5 words=25 alignment=proportional_fallback_low_ctc_confidence elapsed=16.2s
2026-09-23 14:17:56,227 INFO [100/100] -yRb-Jum7EQ__6 words=19 alignment=proportional_fallback_low_ctc_confidence elapsed=18.4s
2026-09-23 14:17:56,237 INFO finished: {"expected_samples": 100, "attempted_samples": 100, "successful_or_existing": 100, "failed_or_missing": 0, "total_word_rows": 1934, "all_100_covered": true, "elapsed_seconds": 1072.24, "output_dir": "question1_refined_final", "models": {"text": "google-bert/bert-base-uncased", "audio": "facebook/wav2vec2-base-960h", "vision": "MediaPipe Face Landmarker + torchvision ResNet18_Weights.DEFAULT"}, "failures": []}
